j8ph01g0q_flc.fits,9774,8PH,01,90.0,CLEAR1L;F814W,WFC,j8ph01g0q_flc.fits
j8ph01g1q_flc.fits,9774,8PH,01,340.0,CLEAR1L;F814W,WFC,j8ph01g1q_flc.fits
j8ph01g3q_flc.fits,9774,8PH,01,340.0,CLEAR1L;F435W,WFC,j8ph01g3q_flc.fits
j8ph01g5q_flc.fits,9774,8PH,01,340.0,CLEAR1L;F435W,WFC,j8ph01g5q_flc.fits
j8ph01g7q_flc.fits,9774,8PH,01,340.0,F555W;CLEAR2L,WFC,j8ph01g7q_flc.fits
j8ph01g9q_flc.fits,9774,8PH,01,340.0,F555W;CLEAR2L,WFC,j8ph01g9q_flc.fits
