hst_13773_20_wfc3_uvis_f657n_icnk20a8_flc.fits,13773,CNK,20,515.0,F657N,UVIS,skycell-p2381x06y09,NEW,hst_13773_20_wfc3_uvis_f657n_icnk20a8_flc.fits
hst_13773_20_wfc3_uvis_f657n_icnk20ad_flc.fits,13773,CNK,20,515.0,F657N,UVIS,skycell-p2381x06y09,NEW,hst_13773_20_wfc3_uvis_f657n_icnk20ad_flc.fits
hst_13773_20_wfc3_uvis_f657n_icnk20af_flc.fits,13773,CNK,20,515.0,F657N,UVIS,skycell-p2381x06y09,NEW,hst_13773_20_wfc3_uvis_f657n_icnk20af_flc.fits
hst_13773_20_wfc3_uvis_f547m_icnk20aw_flc.fits,13773,CNK,20,354.0,F547M,UVIS,skycell-p2381x06y09,NEW,hst_13773_20_wfc3_uvis_f547m_icnk20aw_flc.fits
hst_13773_20_wfc3_uvis_f547m_icnk20ay_flc.fits,13773,CNK,20,200.0,F547M,UVIS,skycell-p2381x06y09,NEW,hst_13773_20_wfc3_uvis_f547m_icnk20ay_flc.fits
